Microchip MPLAB XC8 Compiler V2.45

Linker command line:

-W-3 \
  --edf=C:/Users/faizan/.mchp_packs/Microchip/PIC16Fxxx_DFP/1.6.156/xc8\pic\dat\20231012211500_en.msgs \
  -cn \
  -h+dist/default/production\Interfacing_keyboard_LCD_down.X.production.sym \
  --cmf=dist/default/production\Interfacing_keyboard_LCD_down.X.production.cmf \
  -z -Q16F628A -oC:\Users\faizan\AppData\Local\Temp\xcAs3p0.\driver_tmp_3.o \
  --defsym=__MPLAB_BUILD=1 --fixupoverflow=error \
  -Mdist/default/production/Interfacing_keyboard_LCD_down.X.production.map \
  --md=C:\Users\faizan\AppData\Local\Temp\xcAs3p0.\driver_tmp_0.dat -E1 \
  -ver=XC8 Compiler --acfsm=1493 -ACODE=00h-07FFh -ASTRCODE=00h-07FFh \
  -ASTRING=00h-0FFhx8 -ACONST=00h-0FFhx8 -AENTRY=00h-0FFhx8 \
  -ACOMMON=070h-07Fh -ABANK0=020h-06Fh -ABANK1=0A0h-0EFh \
  -ABANK2=0120h-014Fh -ARAM=020h-06Fh,0A0h-0EFh,0120h-014Fh \
  -AABS1=020h-07Fh,0A0h-0EFh,0120h-014Fh -ASFR0=00h-01Fh -ASFR1=080h-09Fh \
  -ASFR2=0100h-011Fh -ASFR3=0180h-01EFh -ACONFIG=02007h-02007h -DCONFIG=2 \
  -AIDLOC=02000h-02003h -DIDLOC=2 -AEEDATA=00h-07Fh/02100h \
  -peeprom_data=EEDATA -DEEDATA=2 -DCODE=2 -DSTRCODE=2 -DSTRING=2 -DCONST=2 \
  -DENTRY=2 -preset_vec=00h,intentry,init,end_init -ppowerup=CODE \
  -pcinit=CODE -pfunctab=ENTRY -k \
  C:\Users\faizan\AppData\Local\Temp\xcAs3p0.\driver_tmp_12.o \
  dist/default/production\Interfacing_keyboard_LCD_down.X.production.o 

Object code version is 3.11

Machine type is 16F628A



                Name                               Link     Load   Length Selector   Space Scale
C:\Users\faizan\AppData\Local\Temp\xcAs3p0.\driver_tmp_12.o
                end_init                              0        0        1        0       0
                config                             2007     2007        1        0       4
dist/default/production\Interfacing_keyboard_LCD_down.X.production.o
                cinit                               7FE      7FE        2      FFC       0
                config                             2007     2007        1        0       4
                text8                               598      598       11      B30       0
                text7                               5A9      5A9       23      B52       0
                text6                               566      566        C      ACC       0
                text5                               65A      65A      1A4      CB4       0
                text4                               57E      57E        D      AFC       0
                text3                               572      572        C      AE4       0
                text2                               5EF      5EF       6B      BDE       0
                text1                               5CC      5CC       23      B98       0
                maintext                            58B      58B        D      B16       0
                cstackCOMMON                         70       70        6       70       1

TOTAL           Name                               Link     Load   Length     Space
        CLASS   CODE           
                end_init                              0        0        1         0
                cinit                               7FE      7FE        2         0
                text8                               598      598       11         0
                text7                               5A9      5A9       23         0
                text6                               566      566        C         0
                text5                               65A      65A      1A4         0
                text4                               57E      57E        D         0
                text3                               572      572        C         0
                text2                               5EF      5EF       6B         0
                text1                               5CC      5CC       23         0
                maintext                            58B      58B        D         0

        CLASS   STRCODE        

        CLASS   STRING         

        CLASS   CONST          

        CLASS   ENTRY          

        CLASS   COMMON         
                cstackCOMMON                         70       70        6         1

        CLASS   BANK0          

        CLASS   BANK1          

        CLASS   BANK2          

        CLASS   RAM            

        CLASS   ABS1           
                abs_s1                               7E       7E        2         1

        CLASS   SFR0           

        CLASS   SFR1           

        CLASS   SFR2           

        CLASS   SFR3           

        CLASS   CONFIG         
                config                             2007     2007        1         4

        CLASS   IDLOC          

        CLASS   EEDATA         

        CLASS   BANK3          

        CLASS   HEAP           

        CLASS   STACK          



SEGMENTS        Name                           Load    Length   Top    Selector   Space  Class     Delta

                reset_vec                      000000  000001  000001         0       0  CODE        2
                cstackCOMMON                   000070  000006  000076        70       1  COMMON      1
                text6                          000566  00000C  000572       ACC       0  CODE        2
                text3                          000572  00000C  00057E       AE4       0  CODE        2
                text4                          00057E  00000D  00058B       AFC       0  CODE        2
                maintext                       00058B  00000D  000598       B16       0  CODE        2
                text8                          000598  000011  0005A9       B30       0  CODE        2
                text7                          0005A9  000023  0005CC       B52       0  CODE        2
                text1                          0005CC  000023  0005EF       B98       0  CODE        2
                text2                          0005EF  00006B  00065A       BDE       0  CODE        2
                text5                          00065A  0001A4  0007FE       CB4       0  CODE        2
                cinit                          0007FE  000002  000800       FFC       0  CODE        2


UNUSED ADDRESS RANGES

        Name                Unused          Largest block    Delta
        BANK0            0020-006F             50           1
        BANK1            00A0-00EF             50           1
        BANK2            0120-014F             30           1
        CODE             0001-0565            565           2
        COMMON           0076-007D              8           1
        CONST            0001-0565            100           2
        EEDATA           2100-217F             80           2
        ENTRY            0001-0565            100           2
        IDLOC            2000-2003              4           2
        RAM              0020-006F             50           1
                         00A0-00EF             50
                         0120-014F             30
        SFR0             0000-001F             20           1
        SFR1             0080-009F             20           1
        SFR2             0100-011F             20           1
        SFR3             0180-01EF             70           1
        STRCODE          0001-0565            565           2
        STRING           0001-0565            100           2

                                  Symbol Table

GetKey@key                 cstackCOMMON 0073
WriteCommandToLCD@Command  cstackCOMMON 0072
WriteDataToLCD@LCDChar     cstackCOMMON 0072
_CMCON                     (abs)        001F
_ClearLCDScreen            text6        0566
_GetKey                    text4        057E
_InitKeypad                text3        0572
_InitLCD                   text2        05EF
_OPTION_REG                (abs)        0081
_PORTA                     (abs)        0005
_PORTB                     (abs)        0006
_RA0                       (abs)        0028
_RA1                       (abs)        0029
_RA2                       (abs)        002A
_RA3                       (abs)        002B
_RA6                       (abs)        002E
_RA7                       (abs)        002F
_RB0                       (abs)        0030
_RB1                       (abs)        0031
_RB2                       (abs)        0032
_RB3                       (abs)        0033
_RB4                       (abs)        0034
_RB5                       (abs)        0035
_RB6                       (abs)        0036
_RB7                       (abs)        0037
_READ_SWITCHES             text5        065A
_TRISA0                    (abs)        0428
_TRISA1                    (abs)        0429
_TRISA2                    (abs)        042A
_TRISA3                    (abs)        042B
_TRISA6                    (abs)        042E
_TRISA7                    (abs)        042F
_TRISB                     (abs)        0086
_ToggleEpinOfLCD           text8        0598
_WriteCommandToLCD         text7        05A9
_WriteDataToLCD            text1        05CC
__H__absolute__            __absolute__ 0000
__Habs1                    abs1         0000
__Hbank0                   bank0        0000
__Hbank1                   bank1        0000
__Hbank2                   bank2        0000
__Hbank3                   bank3        0000
__Hcinit                   cinit        0800
__Hclrtext                 clrtext      0000
__Hcode                    code         0000
__Hcommon                  common       0000
__Hconfig                  config       2008
__HcstackCOMMON            cstackCOMMON 0000
__Heeprom_data             eeprom_data  0000
__Hend_init                end_init     0001
__Hfunctab                 functab      0000
__Hheap                    heap         0000
__Hinit                    init         0000
__Hintentry                intentry     0000
__Hmaintext                maintext     0000
__Hpowerup                 powerup      0000
__Hram                     ram          0000
__Hreset_vec               reset_vec    0000
__Hsfr0                    sfr0         0000
__Hsfr1                    sfr1         0000
__Hsfr2                    sfr2         0000
__Hsfr3                    sfr3         0000
__Hspace_0                 (abs)        0800
__Hspace_1                 (abs)        0076
__Hspace_2                 (abs)        0000
__Hspace_3                 (abs)        0000
__Hspace_4                 (abs)        400F
__Hstack                   stack        0000
__Hstrings                 strings      0000
__Htext                    text         0000
__L__absolute__            __absolute__ 0000
__Labs1                    abs1         0000
__Lbank0                   bank0        0000
__Lbank1                   bank1        0000
__Lbank2                   bank2        0000
__Lbank3                   bank3        0000
__Lcinit                   cinit        07FE
__Lclrtext                 clrtext      0000
__Lcode                    code         0000
__Lcommon                  common       0000
__Lconfig                  config       0000
__LcstackCOMMON            cstackCOMMON 0000
__Leeprom_data             eeprom_data  0000
__Lend_init                end_init     0000
__Lfunctab                 functab      0000
__Lheap                    heap         0000
__Linit                    init         0000
__Lintentry                intentry     0000
__Lmaintext                maintext     0000
__Lpowerup                 powerup      0000
__Lram                     ram          0000
__Lreset_vec               reset_vec    0000
__Lsfr0                    sfr0         0000
__Lsfr1                    sfr1         0000
__Lsfr2                    sfr2         0000
__Lsfr3                    sfr3         0000
__Lspace_0                 (abs)        0000
__Lspace_1                 (abs)        0000
__Lspace_2                 (abs)        0000
__Lspace_3                 (abs)        0000
__Lspace_4                 (abs)        0000
__Lstack                   stack        0000
__Lstrings                 strings      0000
__Ltext                    text         0000
__S0                       (abs)        0800
__S1                       (abs)        0076
__S3                       (abs)        0000
___heap_hi                 (abs)        0000
___heap_lo                 (abs)        0000
___int_sp                  stack        0000
___int_stack_hi            stack        0000
___int_stack_lo            stack        0000
___latbits                 (abs)        0000
___sp                      stack        0000
___stack_hi                stack        0000
___stack_lo                stack        0000
___stackhi                 (abs)        0000
___stacklo                 (abs)        0000
__end_of_ClearLCDScreen    text6        0572
__end_of_GetKey            text4        058B
__end_of_InitKeypad        text3        057E
__end_of_InitLCD           text2        065A
__end_of_READ_SWITCHES     text5        07FE
__end_of_ToggleEpinOfLCD   text8        05A9
__end_of_WriteCommandToLCD text7        05CC
__end_of_WriteDataToLCD    text1        05EF
__end_of__initialization   cinit        07FE
__end_of_main              maintext     0598
__initialization           cinit        07FE
__pcstackCOMMON            cstackCOMMON 0070
__pmaintext                maintext     058B
__ptext1                   text1        05CC
__ptext2                   text2        05EF
__ptext3                   text3        0572
__ptext4                   text4        057E
__ptext5                   text5        065A
__ptext6                   text6        0566
__ptext7                   text7        05A9
__ptext8                   text8        0598
_main                      maintext     058B
btemp                      (abs)        007E
end_of_initialization      cinit        07FE
intlevel0                  functab      0000
intlevel1                  functab      0000
intlevel2                  functab      0000
intlevel3                  functab      0000
intlevel4                  functab      0000
intlevel5                  functab      0000
main@Key                   cstackCOMMON 0075
reset_vec                  reset_vec    0000
start                      init         0000
start_initialization       cinit        07FE
wtemp0                     (abs)        007E


MODULE INFORMATION

Module		Function		Class		Link	Load	Size
C:/Users/faizan/OneDrive/Desktop/PIC16F628A Keypad Interfacing Code/PIC16F628A Keypad Interfacing Code/Code/main.c
		_main          		CODE           	058B	0000	13

C:/Users/faizan/OneDrive/Desktop/PIC16F628A Keypad Interfacing Code/PIC16F628A Keypad Interfacing Code/Code/main.c estimated size: 13

C:/Users/faizan/OneDrive/Desktop/PIC16F628A Keypad Interfacing Code/PIC16F628A Keypad Interfacing Code/Code/LCD.c
		_WriteCommandToLCD		CODE           	05A9	0000	35
		_InitLCD       		CODE           	05EF	0000	107
		_WriteDataToLCD		CODE           	05CC	0000	35
		_ToggleEpinOfLCD		CODE           	0598	0000	17
		_ClearLCDScreen		CODE           	0566	0000	12

C:/Users/faizan/OneDrive/Desktop/PIC16F628A Keypad Interfacing Code/PIC16F628A Keypad Interfacing Code/Code/LCD.c estimated size: 206

shared
		__initialization		CODE           	07FE	0000	1

shared estimated size: 1

C:/Users/faizan/OneDrive/Desktop/PIC16F628A Keypad Interfacing Code/PIC16F628A Keypad Interfacing Code/Code/Keypad.c
		_GetKey        		CODE           	057E	0000	13
		_InitKeypad    		CODE           	0572	0000	12
		_READ_SWITCHES 		CODE           	065A	0000	420

C:/Users/faizan/OneDrive/Desktop/PIC16F628A Keypad Interfacing Code/PIC16F628A Keypad Interfacing Code/Code/Keypad.c estimated size: 445

