Microchip MPLAB XC8 Compiler V2.45

Linker command line:

-W-3 \
  --edf=C:/Users/faizan/.mchp_packs/Microchip/PIC16Fxxx_DFP/1.6.156/xc8\pic\dat\20231012211500_en.msgs \
  -cn -h+dist/default/production\Interfacing-keypad_LCD.X.production.sym \
  --cmf=dist/default/production\Interfacing-keypad_LCD.X.production.cmf -z \
  -Q16F628A -oC:\Users\faizan\AppData\Local\Temp\xcAsep4.\driver_tmp_3.o \
  --defsym=__MPLAB_BUILD=1 --fixupoverflow=error \
  -Mdist/default/production/Interfacing-keypad_LCD.X.production.map \
  --md=C:\Users\faizan\AppData\Local\Temp\xcAsep4.\driver_tmp_0.dat -E1 \
  -ver=XC8 Compiler --acfsm=1493 -ACODE=00h-07FFh -ASTRCODE=00h-07FFh \
  -ASTRING=00h-0FFhx8 -ACONST=00h-0FFhx8 -AENTRY=00h-0FFhx8 \
  -ACOMMON=070h-07Fh -ABANK0=020h-06Fh -ABANK1=0A0h-0EFh \
  -ABANK2=0120h-014Fh -ARAM=020h-06Fh,0A0h-0EFh,0120h-014Fh \
  -AABS1=020h-07Fh,0A0h-0EFh,0120h-014Fh -ASFR0=00h-01Fh -ASFR1=080h-09Fh \
  -ASFR2=0100h-011Fh -ASFR3=0180h-01EFh -ACONFIG=02007h-02007h -DCONFIG=2 \
  -AIDLOC=02000h-02003h -DIDLOC=2 -AEEDATA=00h-07Fh/02100h \
  -peeprom_data=EEDATA -DEEDATA=2 -DCODE=2 -DSTRCODE=2 -DSTRING=2 -DCONST=2 \
  -DENTRY=2 -preset_vec=00h,intentry,init,end_init -ppowerup=CODE \
  -pcinit=CODE -pfunctab=ENTRY -k \
  C:\Users\faizan\AppData\Local\Temp\xcAsep4.\driver_tmp_12.o \
  dist/default/production\Interfacing-keypad_LCD.X.production.o 

Object code version is 3.11

Machine type is 16F628A



                Name                               Link     Load   Length Selector   Space Scale
C:\Users\faizan\AppData\Local\Temp\xcAsep4.\driver_tmp_12.o
                end_init                              0        0        1        0       0
                config                             2007     2007        1        0       4
dist/default/production\Interfacing-keypad_LCD.X.production.o
                cinit                               7FE      7FE        2      FFC       0
                config                             2007     2007        1        0       4
                text9                               6D1      6D1       36      DA2       0
                text8                               6A7      6A7        D      D4E       0
                text7                               74E      74E       B0      E9C       0
                text6                               691      691        4      D22       0
                text5                               695      695        9      D2A       0
                text4                               6C2      6C2        F      D84       0
                text3                               707      707       47      E0E       0
                text2                               69E      69E        9      D3C       0
                text1                               68E      68E        3      D1C       0
                maintext                            6B4      6B4        E      D68       0
                cstackCOMMON                         70       70        7       70       1

TOTAL           Name                               Link     Load   Length     Space
        CLASS   CODE           
                end_init                              0        0        1         0
                cinit                               7FE      7FE        2         0
                text9                               6D1      6D1       36         0
                text8                               6A7      6A7        D         0
                text7                               74E      74E       B0         0
                text6                               691      691        4         0
                text5                               695      695        9         0
                text4                               6C2      6C2        F         0
                text3                               707      707       47         0
                text2                               69E      69E        9         0
                text1                               68E      68E        3         0
                maintext                            6B4      6B4        E         0

        CLASS   STRCODE        

        CLASS   STRING         

        CLASS   CONST          

        CLASS   ENTRY          

        CLASS   COMMON         
                cstackCOMMON                         70       70        7         1

        CLASS   BANK0          

        CLASS   BANK1          

        CLASS   BANK2          

        CLASS   RAM            

        CLASS   ABS1           
                abs_s1                               7E       7E        2         1

        CLASS   SFR0           

        CLASS   SFR1           

        CLASS   SFR2           

        CLASS   SFR3           

        CLASS   CONFIG         
                config                             2007     2007        1         4

        CLASS   IDLOC          

        CLASS   EEDATA         

        CLASS   BANK3          

        CLASS   HEAP           

        CLASS   STACK          



SEGMENTS        Name                           Load    Length   Top    Selector   Space  Class     Delta

                reset_vec                      000000  000001  000001         0       0  CODE        2
                cstackCOMMON                   000070  000007  000077        70       1  COMMON      1
                text1                          00068E  000003  000691       D1C       0  CODE        2
                text6                          000691  000004  000695       D22       0  CODE        2
                text5                          000695  000009  00069E       D2A       0  CODE        2
                text2                          00069E  000009  0006A7       D3C       0  CODE        2
                text8                          0006A7  00000D  0006B4       D4E       0  CODE        2
                maintext                       0006B4  00000E  0006C2       D68       0  CODE        2
                text4                          0006C2  00000F  0006D1       D84       0  CODE        2
                text9                          0006D1  000036  000707       DA2       0  CODE        2
                text3                          000707  000047  00074E       E0E       0  CODE        2
                text7                          00074E  0000B0  0007FE       E9C       0  CODE        2
                cinit                          0007FE  000002  000800       FFC       0  CODE        2


UNUSED ADDRESS RANGES

        Name                Unused          Largest block    Delta
        BANK0            0020-006F             50           1
        BANK1            00A0-00EF             50           1
        BANK2            0120-014F             30           1
        CODE             0001-068D            68D           2
        COMMON           0077-007D              7           1
        CONST            0001-068D            100           2
        EEDATA           2100-217F             80           2
        ENTRY            0001-068D            100           2
        IDLOC            2000-2003              4           2
        RAM              0020-006F             50           1
                         00A0-00EF             50
                         0120-014F             30
        SFR0             0000-001F             20           1
        SFR1             0080-009F             20           1
        SFR2             0100-011F             20           1
        SFR3             0180-01EF             70           1
        STRCODE          0001-068D            68D           2
        STRING           0001-068D            100           2

                                  Symbol Table

GetKey@key                       cstackCOMMON 0073
_CMCON                           (abs)        001F
_ClearLCDScreen                  text8        06A7
_GetKey                          text6        0691
_InitKeypad                      text4        06C2
_InitLCD                         text2        069E
_PORTA                           (abs)        0005
_PORTB                           (abs)        0006
_RA6                             (abs)        002E
_RA7                             (abs)        002F
_RB0                             (abs)        0030
_RB1                             (abs)        0031
_RB2                             (abs)        0032
_RB3                             (abs)        0033
_RB4                             (abs)        0034
_RB5                             (abs)        0035
_RB6                             (abs)        0036
_RB7                             (abs)        0037
_TRISA                           (abs)        0085
_TRISA6                          (abs)        042E
_TRISA7                          (abs)        042F
_TRISB                           (abs)        0086
__H__absolute__                  __absolute__ 0000
__Habs1                          abs1         0000
__Hbank0                         bank0        0000
__Hbank1                         bank1        0000
__Hbank2                         bank2        0000
__Hbank3                         bank3        0000
__Hcinit                         cinit        0800
__Hclrtext                       clrtext      0000
__Hcode                          code         0000
__Hcommon                        common       0000
__Hconfig                        config       2008
__HcstackCOMMON                  cstackCOMMON 0000
__Heeprom_data                   eeprom_data  0000
__Hend_init                      end_init     0001
__Hfunctab                       functab      0000
__Hheap                          heap         0000
__Hinit                          init         0000
__Hintentry                      intentry     0000
__Hmaintext                      maintext     0000
__Hpowerup                       powerup      0000
__Hram                           ram          0000
__Hreset_vec                     reset_vec    0000
__Hsfr0                          sfr0         0000
__Hsfr1                          sfr1         0000
__Hsfr2                          sfr2         0000
__Hsfr3                          sfr3         0000
__Hspace_0                       (abs)        0800
__Hspace_1                       (abs)        0077
__Hspace_2                       (abs)        0000
__Hspace_3                       (abs)        0000
__Hspace_4                       (abs)        400F
__Hstack                         stack        0000
__Hstrings                       strings      0000
__Htext                          text         0000
__L__absolute__                  __absolute__ 0000
__Labs1                          abs1         0000
__Lbank0                         bank0        0000
__Lbank1                         bank1        0000
__Lbank2                         bank2        0000
__Lbank3                         bank3        0000
__Lcinit                         cinit        07FE
__Lclrtext                       clrtext      0000
__Lcode                          code         0000
__Lcommon                        common       0000
__Lconfig                        config       0000
__LcstackCOMMON                  cstackCOMMON 0000
__Leeprom_data                   eeprom_data  0000
__Lend_init                      end_init     0000
__Lfunctab                       functab      0000
__Lheap                          heap         0000
__Linit                          init         0000
__Lintentry                      intentry     0000
__Lmaintext                      maintext     0000
__Lpowerup                       powerup      0000
__Lram                           ram          0000
__Lreset_vec                     reset_vec    0000
__Lsfr0                          sfr0         0000
__Lsfr1                          sfr1         0000
__Lsfr2                          sfr2         0000
__Lsfr3                          sfr3         0000
__Lspace_0                       (abs)        0000
__Lspace_1                       (abs)        0000
__Lspace_2                       (abs)        0000
__Lspace_3                       (abs)        0000
__Lspace_4                       (abs)        0000
__Lstack                         stack        0000
__Lstrings                       strings      0000
__Ltext                          text         0000
__S0                             (abs)        0800
__S1                             (abs)        0077
__S3                             (abs)        0000
___heap_hi                       (abs)        0000
___heap_lo                       (abs)        0000
___int_sp                        stack        0000
___int_stack_hi                  stack        0000
___int_stack_lo                  stack        0000
___latbits                       (abs)        0000
___sp                            stack        0000
___stack_hi                      stack        0000
___stack_lo                      stack        0000
___stackhi                       (abs)        0000
___stacklo                       (abs)        0000
__end_of_ClearLCDScreen          text8        06B4
__end_of_GetKey                  text6        0695
__end_of_InitKeypad              text4        06D1
__end_of_InitLCD                 text2        06A7
__end_of__initialization         cinit        07FE
__end_of_clcd_putch              text5        069E
__end_of_clcd_write              text9        0707
__end_of_init_config             text1        0691
__end_of_init_display_controller text3        074E
__end_of_main                    maintext     06C2
__end_of_scan_keypad             text7        07FE
__initialization                 cinit        07FE
__pcstackCOMMON                  cstackCOMMON 0070
__pmaintext                      maintext     06B4
__ptext1                         text1        068E
__ptext2                         text2        069E
__ptext3                         text3        0707
__ptext4                         text4        06C2
__ptext5                         text5        0695
__ptext6                         text6        0691
__ptext7                         text7        074E
__ptext8                         text8        06A7
__ptext9                         text9        06D1
_clcd_putch                      text5        0695
_clcd_write                      text9        06D1
_init_config                     text1        068E
_init_display_controller         text3        0707
_main                            maintext     06B4
_nRBPU                           (abs)        040F
_scan_keypad                     text7        074E
btemp                            (abs)        007E
clcd_putch@addr                  cstackCOMMON 0074
clcd_putch@data                  cstackCOMMON 0075
clcd_write@byte                  cstackCOMMON 0073
clcd_write@mode                  cstackCOMMON 0070
end_of_initialization            cinit        07FE
intlevel0                        functab      0000
intlevel1                        functab      0000
intlevel2                        functab      0000
intlevel3                        functab      0000
intlevel4                        functab      0000
intlevel5                        functab      0000
main@key                         cstackCOMMON 0076
reset_vec                        reset_vec    0000
start                            init         0000
start_initialization             cinit        07FE
wtemp0                           (abs)        007E


MODULE INFORMATION

Module		Function		Class		Link	Load	Size
keypad.c
		_GetKey        		CODE           	0691	0000	4
		_InitKeypad    		CODE           	06C2	0000	15
		_scan_keypad   		CODE           	074E	0000	176

keypad.c estimated size: 195

LED.c
		_clcd_write    		CODE           	06D1	0000	54
		_InitLCD       		CODE           	069E	0000	9
		_clcd_putch    		CODE           	0695	0000	9
		_init_display_controller		CODE           	0707	0000	71

LED.c estimated size: 143

shared
		__initialization		CODE           	07FE	0000	1

shared estimated size: 1

main.c
		_main          		CODE           	06B4	0000	14
		_init_config   		CODE           	068E	0000	3
		_ClearLCDScreen		CODE           	06A7	0000	13

main.c estimated size: 30

